only testing
Num weight bits = 18
learning rate = 10
initial_t = 1
power_t = 0.5
predictions = bs.prvote.predict
using no cache
Reading datafile = train-sets/0001.dat
num sources = 1
average    since         example     example  current  current  current
loss       last          counter      weight    label  predict features
1.000000   1.000000            1         1.0   1.0000   0.4987       51
1.000000   1.000000            2         2.0   0.0000   0.4527      104
1.000000   1.000000            4         4.0   0.0000   0.2041      135
0.875000   0.750000            8         8.0   0.0000   0.1906      146
0.875000   0.875000           16        16.0   1.0000   0.8856       24
0.875000   0.875000           32        32.0   0.0000   0.4286       32
0.859375   0.843750           64        64.0   0.0000   0.0918       61
0.812500   0.765625          128       128.0   1.0000   0.4491      106

finished run
number of examples per pass = 200
passes used = 1
weighted example sum = 200
weighted label sum = 0
average loss = 0.805
best constant = -0.00502513
total feature number = 15482
